#-----------------------------------------------------------
# Vivado v2023.1 (64-bit)
# SW Build 3865809 on Sun May  7 15:05:29 MDT 2023
# IP Build 3864474 on Sun May  7 20:36:21 MDT 2023
# SharedData Build 3865790 on Sun May 07 13:33:03 MDT 2023
# Start of session at: Tue Dec 12 12:30:36 2023
# Process ID: 16164
# Current directory: C:/Users/22770/Desktop/Low Power FPGA/Project/Final-Project
# Command line: vivado.exe -gui_launcher_event rodinguilauncherevent25460 C:\Users\22770\Desktop\Low Power FPGA\Project\Final-Project\Final-Project.xpr
# Log file: C:/Users/22770/Desktop/Low Power FPGA/Project/Final-Project/vivado.log
# Journal file: C:/Users/22770/Desktop/Low Power FPGA/Project/Final-Project\vivado.jou
# Running On: little_handsome, OS: Windows, CPU Frequency: 2918 MHz, CPU Physical cores: 14, Host memory: 16890 MB
#-----------------------------------------------------------
start_gui
open_project {C:/Users/22770/Desktop/Low Power FPGA/Project/Final-Project/Final-Project.xpr}
open_hw_manager
connect_hw_server -allow_non_jtag
open_hw_target
set_property PROGRAM.FILE {C:/Users/22770/Desktop/Low Power FPGA/Project/Final-Project/Final-Project.runs/impl_1/top.bit} [get_hw_devices xc7a100t_0]
set_property PROBES.FILE {C:/Users/22770/Desktop/Low Power FPGA/Project/Final-Project/Final-Project.runs/impl_1/top.ltx} [get_hw_devices xc7a100t_0]
set_property FULL_PROBES.FILE {C:/Users/22770/Desktop/Low Power FPGA/Project/Final-Project/Final-Project.runs/impl_1/top.ltx} [get_hw_devices xc7a100t_0]
current_hw_device [get_hw_devices xc7a100t_0]
refresh_hw_device [lindex [get_hw_devices xc7a100t_0] 0]
set_property PROBES.FILE {C:/Users/22770/Desktop/Low Power FPGA/Project/Final-Project/Final-Project.runs/impl_1/top.ltx} [get_hw_devices xc7a100t_0]
set_property FULL_PROBES.FILE {C:/Users/22770/Desktop/Low Power FPGA/Project/Final-Project/Final-Project.runs/impl_1/top.ltx} [get_hw_devices xc7a100t_0]
set_property PROGRAM.FILE {C:/Users/22770/Desktop/Low Power FPGA/Project/Final-Project/Final-Project.runs/impl_1/top.bit} [get_hw_devices xc7a100t_0]
program_hw_devices [get_hw_devices xc7a100t_0]
refresh_hw_device [lindex [get_hw_devices xc7a100t_0] 0]
display_hw_ila_data [ get_hw_ila_data hw_ila_data_1 -of_objects [get_hw_ilas -of_objects [get_hw_devices xc7a100t_0] -filter {CELL_NAME=~"your_instance_name"}]]
save_wave_config {C:/Users/22770/Desktop/Low Power FPGA/Project/Final-Project/Final-Project.hw/hw_1/wave/hw_ila_data_1/hw_ila_data_1.wcfg}
close_hw_manager
launch_simulation
open_wave_config {C:/Users/22770/Desktop/Low Power FPGA/Project/Final-Project/top_tb_behav.wcfg}
source top_tb.tcl
restart
run 1.6 ms
open_hw_manager
connect_hw_server -allow_non_jtag
open_hw_target
set_property PROGRAM.FILE {C:/Users/22770/Desktop/Low Power FPGA/Project/Final-Project/Final-Project.runs/impl_1/top.bit} [get_hw_devices xc7a100t_0]
set_property PROBES.FILE {C:/Users/22770/Desktop/Low Power FPGA/Project/Final-Project/Final-Project.runs/impl_1/top.ltx} [get_hw_devices xc7a100t_0]
set_property FULL_PROBES.FILE {C:/Users/22770/Desktop/Low Power FPGA/Project/Final-Project/Final-Project.runs/impl_1/top.ltx} [get_hw_devices xc7a100t_0]
current_hw_device [get_hw_devices xc7a100t_0]
refresh_hw_device [lindex [get_hw_devices xc7a100t_0] 0]
set_property PROBES.FILE {C:/Users/22770/Desktop/Low Power FPGA/Project/Final-Project/Final-Project.runs/impl_1/top.ltx} [get_hw_devices xc7a100t_0]
set_property FULL_PROBES.FILE {C:/Users/22770/Desktop/Low Power FPGA/Project/Final-Project/Final-Project.runs/impl_1/top.ltx} [get_hw_devices xc7a100t_0]
set_property PROGRAM.FILE {C:/Users/22770/Desktop/Low Power FPGA/Project/Final-Project/Final-Project.runs/impl_1/top.bit} [get_hw_devices xc7a100t_0]
program_hw_devices [get_hw_devices xc7a100t_0]
refresh_hw_device [lindex [get_hw_devices xc7a100t_0] 0]
display_hw_ila_data [ get_hw_ila_data hw_ila_data_1 -of_objects [get_hw_ilas -of_objects [get_hw_devices xc7a100t_0] -filter {CELL_NAME=~"your_instance_name"}]]
run_hw_ila [get_hw_ilas -of_objects [get_hw_devices xc7a100t_0] -filter {CELL_NAME=~"your_instance_name"}] -trigger_now
wait_on_hw_ila [get_hw_ilas -of_objects [get_hw_devices xc7a100t_0] -filter {CELL_NAME=~"your_instance_name"}]
display_hw_ila_data [upload_hw_ila_data [get_hw_ilas -of_objects [get_hw_devices xc7a100t_0] -filter {CELL_NAME=~"your_instance_name"}]]
reset_run synth_1
launch_runs synth_1 -jobs 20
wait_on_run synth_1
save_wave_config {C:/Users/22770/Desktop/Low Power FPGA/Project/Final-Project/Final-Project.hw/hw_1/wave/hw_ila_data_1/hw_ila_data_1.wcfg}
close_hw_manager
close_sim
launch_runs impl_1 -jobs 20
wait_on_run impl_1
reset_run synth_1
launch_runs impl_1 -to_step write_bitstream -jobs 20
wait_on_run impl_1
reset_run synth_1
